============================= test session starts =============================
platform win32 -- Python 3.13.15, pytest-9.1.1, pluggy-1.6.0 -- C:\Users\STARK\Documents\Hackathon\.venv\Scripts\python.exe
cachedir: .pytest_cache
rootdir: C:\Users\STARK\Documents\Hackathon
configfile: pyproject.toml
testpaths: tests
plugins: anyio-4.15.1
collecting ... collected 71 items

tests/test_answer.py::test_no_results_means_no_answer_and_no_api_call PASSED [  1%]
tests/test_answer.py::test_citations_are_parsed_deduplicated_and_bounded PASSED [  2%]
tests/test_api.py::test_health_reports_pool PASSED                       [  4%]
tests/test_api.py::test_search_rejects_unknown_method_and_embedder PASSED [  5%]
tests/test_api.py::test_keyword_search_with_no_match PASSED              [  7%]
tests/test_api.py::test_concurrent_searches_share_the_pool PASSED        [  8%]
tests/test_api.py::test_upload_rejects_non_audio PASSED                  [  9%]
tests/test_api.py::test_unknown_ids_404 PASSED                           [ 11%]
tests/test_api.py::test_golden_files_cannot_be_deleted PASSED            [ 12%]
tests/test_api.py::test_collections_listed_and_validated PASSED          [ 14%]
tests/test_pipeline_db.py::test_rows_have_child_and_parent_and_1536_dim_vectors PASSED [ 15%]
tests/test_pipeline_db.py::test_result_carries_speaker_timestamp_child_and_parent PASSED [ 16%]
tests/test_pipeline_db.py::test_rows_carry_audio_url_and_episode_timeline PASSED [ 18%]
tests/test_pipeline_db.py::test_grouping_returns_one_result_per_parent PASSED [ 19%]
tests/test_pipeline_db.py::test_backchannel_is_not_a_result_but_semantic_topic_is_found PASSED [ 21%]
tests/test_pipeline_db.py::test_role_and_name_in_query_filter_to_that_speaker PASSED [ 22%]
tests/test_pipeline_db.py::test_collections_are_isolated PASSED          [ 23%]
tests/test_query.py::test_detects_speaker_or_role_and_strips_framing[what did Jordan say about stem cells-Gary Jordan-None-stem cells] PASSED [ 25%]
tests/test_query.py::test_detects_speaker_or_role_and_strips_framing[what did Gary say about CASIS-Gary Jordan-None-CASIS] PASSED [ 26%]
tests/test_query.py::test_detects_speaker_or_role_and_strips_framing[Gene Kranz's views on failure-Gene Kranz-None-failure] PASSED [ 28%]
tests/test_query.py::test_detects_speaker_or_role_and_strips_framing[Kranz on accountability-Gene Kranz-None-accountability] PASSED [ 29%]
tests/test_query.py::test_detects_speaker_or_role_and_strips_framing[what did Patrick O'Neil say about pharmaceutical companies-Patrick O'Neil-None-pharmaceutical companies] PASSED [ 30%]
tests/test_query.py::test_detects_speaker_or_role_and_strips_framing[what did the guest say about trust-None-guest-trust] PASSED [ 32%]
tests/test_query.py::test_detects_speaker_or_role_and_strips_framing[what did the host ask about Nigeria-None-host-Nigeria] PASSED [ 33%]
tests/test_query.py::test_detects_speaker_or_role_and_strips_framing[the guest's opinion on microgravity-None-guest-microgravity] PASSED [ 35%]
tests/test_query.py::test_detects_speaker_or_role_and_strips_framing[what did Kranz say?-Gene Kranz-None-what did Kranz say?] PASSED [ 36%]
tests/test_query.py::test_detects_speaker_or_role_and_strips_framing[what did Gene say about the moon landing-Gene Kranz-None-moon landing] PASSED [ 38%]
tests/test_query.py::test_detects_speaker_or_role_and_strips_framing[according to Patrick, why use the station-Patrick O'Neil-None-use station] PASSED [ 39%]
tests/test_query.py::test_leaves_ordinary_queries_alone[Jerry Bostick] PASSED [ 40%]
tests/test_query.py::test_leaves_ordinary_queries_alone[failure is not an option] PASSED [ 42%]
tests/test_query.py::test_leaves_ordinary_queries_alone[guest list] PASSED [ 43%]
tests/test_query.py::test_leaves_ordinary_queries_alone[hostile environment of space] PASSED [ 45%]
tests/test_query.py::test_leaves_ordinary_queries_alone[Apollo one fire] PASSED [ 46%]
tests/test_query.py::test_leaves_ordinary_queries_alone["affect gene expression"] PASSED [ 47%]
tests/test_query.py::test_leaves_ordinary_queries_alone[gene therapy in space] PASSED [ 49%]
tests/test_query.py::test_leaves_ordinary_queries_alone[Jordan River] PASSED [ 50%]
tests/test_query.py::test_leaves_ordinary_queries_alone[Patrick space station] PASSED [ 52%]
tests/test_query.py::test_ambiguous_first_name_is_not_guessed PASSED     [ 53%]
tests/test_query.py::test_threshold_drops_low_scores_even_inside_top_k PASSED [ 54%]
tests/test_query.py::test_threshold_can_leave_nothing_for_off_topic_queries PASSED [ 56%]
tests/test_recall.py::test_hybrid_meets_recall_targets[recall@5-0.9] PASSED [ 57%]
tests/test_recall.py::test_hybrid_meets_recall_targets[recall@10-0.95] PASSED [ 59%]
tests/test_recall.py::test_hybrid_not_worse_than_either_single_method[recall@5] PASSED [ 60%]
tests/test_recall.py::test_hybrid_not_worse_than_either_single_method[recall@10] PASSED [ 61%]
tests/test_recall.py::test_hybrid_not_worse_than_either_single_method[mrr] PASSED [ 63%]
tests/test_recall.py::test_every_query_type_is_served PASSED             [ 64%]
tests/test_recall.py::test_latency PASSED                                [ 66%]
tests/test_recall.py::test_full_pipeline_meets_recall_targets[recall@5-0.9] PASSED [ 67%]
tests/test_recall.py::test_full_pipeline_meets_recall_targets[recall@10-0.95] PASSED [ 69%]
tests/test_recall.py::test_off_topic_queries_get_no_answer PASSED        [ 70%]
tests/test_recall.py::test_results_are_attributed_to_the_right_speaker PASSED [ 71%]
tests/test_search_units.py::test_rrf_rewards_agreement_between_methods PASSED [ 73%]
tests/test_search_units.py::test_rrf_weights PASSED                      [ 74%]
tests/test_search_units.py::test_query_terms_drop_stopwords_and_punctuation PASSED [ 76%]
tests/test_search_units.py::test_locate_finds_first_matching_word_time_and_highlights PASSED [ 77%]
tests/test_search_units.py::test_locate_falls_back_to_segment_start PASSED [ 78%]
tests/test_search_units.py::test_fmt_ts PASSED                           [ 80%]
tests/test_search_units.py::test_mmr_drops_near_duplicates PASSED        [ 81%]
tests/test_search_units.py::test_mmr_handles_missing_vectors_and_small_k PASSED [ 83%]
tests/test_search_units.py::test_rerank_falls_back_to_fused_order_when_unavailable PASSED [ 84%]
tests/test_segment.py::test_stray_speaker_labels_are_folded_into_neighbour PASSED [ 85%]
tests/test_segment.py::test_mid_sentence_flip_is_smoothed_but_real_backchannel_is_kept PASSED [ 87%]
tests/test_segment.py::test_children_are_speaker_pure_bounded_and_inside_their_parent PASSED [ 88%]
tests/test_segment.py::test_question_and_answer_share_a_parent_and_render_as_dialogue PASSED [ 90%]
tests/test_segment.py::test_adjacent_children_overlap_within_the_budget PASSED [ 91%]
tests/test_segment.py::test_backchannel_turn_gets_no_child_but_stays_in_parent_text PASSED [ 92%]
tests/test_segment.py::test_run_on_turn_without_punctuation_is_hard_split PASSED [ 94%]
tests/test_transcribe.py::test_assemblyai_with_speaker_identification_keeps_names_and_seconds PASSED [ 95%]
tests/test_transcribe.py::test_assemblyai_without_identification_has_no_names PASSED [ 97%]
tests/test_transcribe.py::test_deepgram_numbers_speakers_by_first_appearance_without_names PASSED [ 98%]
tests/test_transcribe.py::test_speaker_names_follow_cleaned_labels_when_a_stray_third_speaker_is_folded PASSED [100%]

- generated xml file: C:\Users\STARK\Documents\Hackathon\test-results\pytest_junit.xml -
============================= 71 passed in 30.69s =============================
